--- PyADF *** new job *** PyADF ---
OPTIMIZATION CYCLE 1
OPTIMIZATION CYCLE 2
OPTIMIZATION CYCLE 3
OPTIMIZATION CYCLE 4
OPTIMIZATION CYCLE 5
--- PyADF *** new job *** PyADF ---
--------------------------------------------------------------------------
[[8816,1],1]: A high-performance Open MPI point-to-point messaging module
was unable to find any relevant network interfaces:

Module: OpenFabrics (openib)
  Host: nitrogen12

Another transport will be used instead, although this may result in
lower performance.

NOTE: You can disable this warning by setting the MCA parameter
btl_base_warn_component_unused to 0.
--------------------------------------------------------------------------
 iosl =           41

 +---------------------------------------------------------+
 |                                                         |
 |                        SNFDC                            |
 |                                                         |
 |               Copyright (C) 1999 -- 2013                |
 |                                                         |
 |   Carmen Herrmann, Bernd A. Hess, Christoph R. Jacob,   |
 |    Carsten Kind, Sandra Luber, Johannes Neugebauer,     |
 |      Markus Reiher, Stephan Schenk, Thomas Weymuth      |
 |                                                         |
 |       Laboratory of Physical Chemistry, ETH Zurich      |
 |                                                         |
 |     This program comes with ABSOLUTELY NO WARRANTY.     |
 |     This is free software: you can redistribute it      |
 |     and/or modify it under the terms of the GNU         |
 |     General Public License.                             |
 |                                                         |
 +---------------------------------------------------------+

 VERSION: SNF V 5.0.2                    

 using MPI parallelization

 former version Numfreq (MPI version)
 by B. A. Hess May 1999

 master node is nitrogen12                              

 =========================================
 == SNFDC INPUT PARAMETERS FROM DCINPUT ==
 =========================================

 MYDIR        /scratch/julia/20201127-144806/jobtempdir
 TITLE        /scratch/julia/20201127-144806/jobtempdir                   
 TMPDIR       /scratch
 LOGDIR       /scratch/
 ARPATH        
 PROGDIR       
 CHOOSENOPT    
 CRAP_OK      no
 PREFIX       TMPjulia%
 FSYS         0
 CHANNELS     0

 =========================================

 ===================================================== 
 == SNFDC INPUT PARAMETERS FROM CONTROL AND RESTART == 
 ===================================================== 

 number of atoms                 3
 degrees of freedom (d.o.f.)     9
 No. of steps per d.o.f.         2
 step sizes (bohr)         0.01000
 program for single points   TURBOMOLE 
 type of calculations        RIDFT     
 no. of freq-dep tensor sets     0
 remove directories for single point calculations
  
         ORIENTATION OF MOLECULE IN FORCE CALCULATION
  
    NO.       ATOM         X         Y         Z
  
     1         8       -2.9658   -0.1537    0.0284
     2         1       -2.8004   -0.1034   -0.9312
     3         1       -3.5714   -0.9151    0.0929

 ===================================================== 

 % already done:   0.0000000000000000     
Fri Nov 27 14:48:25 2020->          1 nitrogen sending step    1
Fri Nov 27 14:48:25 2020->          2 nitrogen sending step    2
Fri Nov 27 14:48:25 2020->          3 nitrogen sending step    3
Fri Nov 27 14:48:25 2020->          4 nitrogen sending step    4
Fri Nov 27 14:48:25 2020->          5 nitrogen sending step    5
Fri Nov 27 14:48:25 2020->          6 nitrogen sending step    6
Fri Nov 27 14:48:25 2020->          7 nitrogen sending step    7
Fri Nov 27 14:48:25 2020->          8 nitrogen sending step    8
Fri Nov 27 14:48:25 2020->          9 nitrogen sending step    9
Fri Nov 27 14:48:25 2020->         10 nitrogen sending step   10
Fri Nov 27 14:48:25 2020->         11 nitrogen sending step   11
Fri Nov 27 14:48:32 2020<-          8 nitrogen12 return step     8
                               7i       0.2c       2.2w       0.1c       1.0w
Fri Nov 27 14:48:32 2020->          8 nitrogen sending step   12
Fri Nov 27 14:48:32 2020<-          2 nitrogen12 return step     2
                               7i       0.2c       2.2w       0.1c       1.1w
Fri Nov 27 14:48:32 2020->          2 nitrogen sending step   13
Fri Nov 27 14:48:32 2020<-          4 nitrogen12 return step     4
                               7i       0.2c       2.1w       0.1c       1.1w
Fri Nov 27 14:48:32 2020->          4 nitrogen sending step   14
Fri Nov 27 14:48:32 2020<-          6 nitrogen12 return step     6
                               6i       0.1c       2.1w       0.1c       1.1w
Fri Nov 27 14:48:32 2020->          6 nitrogen sending step   15
Fri Nov 27 14:48:33 2020<-         10 nitrogen12 return step    10
                               7i       0.2c       2.0w       0.1c       1.1w
Fri Nov 27 14:48:33 2020->         10 nitrogen sending step   16
Fri Nov 27 14:48:33 2020<-          7 nitrogen12 return step     7
                               7i       0.2c       2.2w       0.1c       1.2w
Fri Nov 27 14:48:33 2020->          7 nitrogen sending step   17
Fri Nov 27 14:48:33 2020<-          9 nitrogen12 return step     9
                               7i       0.2c       2.2w       0.1c       1.2w
Fri Nov 27 14:48:33 2020<-          3 nitrogen12 return step     3
                               7i       0.2c       2.5w       0.1c       1.3w
Fri Nov 27 14:48:33 2020->          9 nitrogen sending step   18
Fri Nov 27 14:48:33 2020<-         11 nitrogen12 return step    11
                               6i       0.2c       2.1w       0.1c       1.2w
Fri Nov 27 14:48:33 2020<-          1 nitrogen12 return step     1
                               7i       0.2c       2.2w       0.1c       1.2w
Fri Nov 27 14:48:33 2020!!          3 nitrogen12 shutdown[idle]   0
percentage of work done on node nitrogen12                0.00
Fri Nov 27 14:48:33 2020!!         11 nitrogen12 shutdown[idle]   0
percentage of work done on node nitrogen12                0.00
Fri Nov 27 14:48:33 2020!!          1 nitrogen12 shutdown[idle]   0
percentage of work done on node nitrogen12                0.00
Fri Nov 27 14:48:33 2020<-          5 nitrogen12 return step     5
                               6i       0.1c       2.2w       0.1c       1.3w
Fri Nov 27 14:48:33 2020!!          5 nitrogen12 shutdown[idle]   0
percentage of work done on node nitrogen12                0.00
Fri Nov 27 14:48:36 2020<-          7 nitrogen12 return step    17
                               7i       0.4c       1.2w       0.1c       0.6w
Fri Nov 27 14:48:36 2020!!          7 nitrogen12 shutdown[idle]   0
percentage of work done on node nitrogen12                0.00
Fri Nov 27 14:48:37 2020<-          9 nitrogen12 return step    18
                               7i       0.4c       1.4w       0.1c       0.5w
Fri Nov 27 14:48:37 2020!!          9 nitrogen12 shutdown[idle]   0
percentage of work done on node nitrogen12                0.00
Fri Nov 27 14:48:38 2020<-          2 nitrogen12 return step    13
                               6i       0.1c       1.7w       0.1c       0.9w
Fri Nov 27 14:48:38 2020!!          2 nitrogen12 shutdown[idle]   0
percentage of work done on node nitrogen12                0.00
Fri Nov 27 14:48:38 2020<-          8 nitrogen12 return step    12
                               5i       0.2c       1.6w       0.1c       1.1w
Fri Nov 27 14:48:38 2020!!          8 nitrogen12 shutdown[idle]   0
percentage of work done on node nitrogen12                0.00
Fri Nov 27 14:48:38 2020<-          6 nitrogen12 return step    15
                               6i       0.1c       1.7w       0.1c       1.1w
Fri Nov 27 14:48:38 2020!!          6 nitrogen12 shutdown[idle]   0
percentage of work done on node nitrogen12                0.00
Fri Nov 27 14:48:38 2020<-         10 nitrogen12 return step    16
                               6i       0.2c       1.9w       0.1c       0.8w
Fri Nov 27 14:48:38 2020!!         10 nitrogen12 shutdown[idle]   0
percentage of work done on node nitrogen12                0.00
Fri Nov 27 14:48:38 2020<-          4 nitrogen12 return step    14
                               6i       0.1c       1.8w       0.2c       0.8w
 shutdown| enter

************************************
** time used in snfdc: 15 seconds **
************************************
