 Entering Gaussian System
 *********************************************
 Gaussian 98:
 frequency fake output
 *********************************************
                         Standard orientation:
 --------------------------------------------------------------------
  Center     Atomic     Atomic              Coordinates (Angstroms)
  Number     Number      Type              X           Y           Z
 --------------------------------------------------------------------
    1          8             0        0.024633    0.039797    0.050089
    2          1             0        0.190057    0.090070   -0.909517
    3          1             0       -0.581004   -0.721671    0.114565
 --------------------------------------------------------------------
     1 basis functions        1 primitive gaussians
     1 alpha electrons        1 beta electrons

 Harmonic frequencies (cm**-1), IR intensities (KM/Mole),
 Raman scattering activities (A**4/amu), Raman depolarization ratios,
 reduced masses (AMU), force constants (mDyne/A) and normal coordinates:
                      1                      2                      3
                     a                      a                      a    
 Frequencies --  1611.1280              3687.8464              3784.3884
 Red. masses --     1.0813                 1.0464                 1.0795
 Frc consts  --     1.6538                 8.3850                 9.1090
 IR Inten    --    48.2566                 2.7122                21.4917
 Raman Activ --     0.0000                 0.0000                 0.0000
 Depolar     --     0.0000                 0.0000                 0.0000
 Atom AN      X      Y      Z        X      Y      Z        X      Y      Z
   1   8    -0.03  -0.04  -0.05     0.02   0.03   0.04     0.03   0.04  -0.05
   2   1     0.42   0.56   0.11     0.15   0.08  -0.68    -0.12  -0.04   0.70
   3   1    -0.02   0.09   0.70    -0.44  -0.55   0.10    -0.43  -0.54   0.05
   
