
 *************************************************************
 *                                                           *
 *                            SNF                            *
 *                                                           *
 *                   VERSION: SNF V 5.0.2                    *
 *                                                           *
 *  VROA DEVELOPMENT VERSION V1.0, Florian Krausbeck, 2015   *
 *                                                           *
 *                                                           *
 *                 Copyright (C) 1999 -- 2015                *
 *                                                           *
 *    Carmen Herrmann, Bernd A. Hess, Christoph R. Jacob,    *
 *     Carsten Kind, Sandra Luber, Johannes Neugebauer,      *
 *       Markus Reiher, Stephan Schenk, Thomas Weymuth       *
 *                                                           *
 *              Laboratory of Physical Chemistry             *
 *                         ETH Zurich                        *
 *                                                           *
 *      This program comes with ABSOLUTELY NO WARRANTY.      *
 *      This is free software: you can redistribute it       *
 *      and/or modify it under the terms of the GNU          *
 *      General Public License.                              *
 *                                                           *
 *************************************************************



Cite this work as: 

T. Weymuth, M. P. Haag, K. Kiewisch, S. Luber,
S. Schenk, Ch. R. Jacob, C. Herrmann, J. Neu-
gebauer, M. Reiher,
J. Comput. Chem., 2012, 33, 2186.

Based on original work in

J. Neugebauer, M. Reiher, C. Kind, B. A. Hess,
J. Comput. Chem., 2002, 23, 895.

 SNF Control file information
 ----------------------------
   snf control file          : snf_control
   title                     : snf calculation
   snf restart file          : restart
   restart file format vers. :  4.20
   symmetry                  :   c1 
   Number of atoms           :     3
   Number of steps           :     2
   distortion [bohr]         :  0.010
   SCF convergence criterion :     8
   print gaussian fake output
   print transl. and rot. contributions
   print  zeropoint energy 
   print thermodynamics
   Plot range for spectra  [cm^-1]    :  200-3500
   half-width for peaks [cm^-1]       :   20
   peak type in spectra plots         : gauss  
   Scaling factor for frequencies     :           1.000000000000

 Molecule of snf run
 -------------------

   No El  AN             m               x               y               z
    1 O    8     15.994915     -5.60454689     -0.29035976      0.05364957
    2 H    1      1.007825     -5.29194226     -0.19535734     -1.75974375
    3 H    1      1.007825     -6.74903640     -1.72932537      0.17549160

 Restart file information
 ------------------------
   restart file name         : restart
   title                     : /scratch/julia/20201127-144806/jobtempdir
   program for single points : TURBOMOLE 
   type of calculation       : RIDFT     
   file format version       :  4.20
   Number of atoms           :     3
   Number of steps           :     2
   distortion [bohr]         :  0.010


  100.00 % of all calculations have already been done
  (or are redundant because of the molecular symmetry).

   Geometry fits to c1  symmetry within   0.0     bohr.

 Hessian symmetry check information   
 ------------------------------------ 
   Maximal absolute error |hij-hji| :  0.51E-03
   Standard deviation               :  0.16E-03

 Identifying translational and rotation normal modes
 ---------------------------------------------------

   Type identification for irrep: a    

   type of mode | No. | wavenumber | trans. frac. | rot. frac. 
   -------------|-----|------------|--------------|------------
    translation |   1 |      -8.95 |        99.43 |      11.96
    translation |   2 |      -8.06 |        99.63 |       7.81
    translation |   3 |      -0.89 |        99.99 |       0.95
    rotational  |   4 |      69.01 |         1.84 |      80.79
    rotational  |   5 |      83.15 |        10.69 |     111.14
    rotational  |   6 |      94.70 |         8.42 |      95.08
    vibrational |   1 |    1611.13 |         0.02 |       0.00
    vibrational |   2 |    3687.85 |         0.01 |       0.00
    vibrational |   3 |    3784.39 |         0.01 |       0.00

 Translational and rotational modes are now projected off!
 Frequencies may slightly change but the resulting data are more accurate!

 Infrared intensities:
 ---------------------

   mode | irrep | mode no. in | wavenumber | ir intensity | rel. int.
   no.  |       | this irrep  |   [1/cm]   |   [km/mol]   |          
   -----|-------|-------------|------------|--------------|-----------
      1 | a     |           1 |    1611.13 |    48.256626 |    1.0000
      2 | a     |           2 |    3687.85 |     2.712172 |    0.0562
      3 | a     |           3 |    3784.39 |    21.491734 |    0.4454

 General molecular quantities
 ----------------------------
   Zero point energy (ZPE) [kJ/mol]   :      54.3
   Molecular mass [amu]               :      18.0
   Principal momenta and eigenvectors :

        2.39852        4.14282        6.54134

        0.50819        0.53501       -0.67491
        0.35930        0.58049        0.73071
       -0.78272        0.61384       -0.10277

 NOTE:

 Symmetry number sigma is chosen automatically according
 to the point group employed in the calculation, which has
 not necessarily to be the true point group of the molecule!
 Using a wrong sigma yields wrong partition functions for
 rotation and thus hampers thermodynamics calculations.


 Thermochemical data
 -------------------
   Symmetry number (sigma)           :              1
   Temperature  [K]                  :         298.15
   Pressure  [Pa]                    :      101325.00
   Total spin quantum number         :           0.00
   Partition function (bottom)       :   0.831639E-01
   Partition function (v=0)          :   0.274302E+09
   ln(Q(bottom))                     :  -0.248694E+01
   ln(Q(v=0))                        :   0.194297E+02
   Entropy  S [J/(mol K)]            :         194.83
   Enthalpy H [kJ/mol]               :          64.25
   Cv [J/(mol*K)]                    :          25.15
   Gibbs Enthalpy G [kJ/mol]         :           6.17
   Electronic Energy  [Hartree]      :        0.0000000000
   Electronic Energy + ZPE [Hartree] :        0.0206945158
   Total Energy  [Hartree]           :        0.0023482601

    NOTE: * H and G do NOT contain <E_elec>!
              (only the Total Energy contains everything) 
          * H, G, S, and Cv contain the ZPE!
          * the electronic contribution to S is the spin-only value!

  Contributions                 :    translation       rotation      vibration     electronic
   Entropy  [J/(mol K)]         :         144.80          50.00           0.03           0.00
   Enthalpy  [kJ/mol]           :           6.20           3.72          54.34
   Cv [J/(mol*K)]               :          12.47          12.47           0.21
   Partition function (bottom)  :   0.300432E+07   0.912641E+02   0.303311E-09
   Partition function (v=0)     :   0.300432E+07   0.912641E+02   0.100042E+01
   ln(Q(bottom))                :      14.915562       4.513757     -21.916261
   ln(Q(v=0))                   :      14.915562       4.513757       0.000420


 Frequencies and mass-weighted normal coordinates
 ------------------------------------------------

          eigenvalues  in  cm^-1

 ROOT NO.:          1         2         3
 EIGVAL. :     1611.128  3687.846  3784.388




    root no.    1           2           3

          1611.12798  3687.84639  3784.38841
  
 x  O    1  -0.09683     0.07286     0.13443
 y  O    1  -0.15641     0.11682     0.14103
 z  O    1  -0.19677     0.14286    -0.18142
 x  H    2   0.40593     0.14597    -0.11723
 y  H    2   0.53583     0.07477    -0.03587
 z  H    2   0.10883    -0.66516     0.67862
 x  H    3  -0.02019    -0.43623    -0.41829
 y  H    3   0.08727    -0.54017    -0.52598
 z  H    3   0.67505     0.09605     0.04413

 Generate fake outputs for normal mode presentation
 --------------------------------------------------
   Created gaussian fake output file : g98.out
 Type of data chosen for Raman spectrum plot: (ractivi)

 Generate spectra plots
 ----------------------
   Created gnuplot data file  : gauss_spectrum.dat
   Created gnuplot input file : ir_gauss.gpin
   Created gnuplot data file  : line_spectrum.dat
   Created gnuplot input file : ir_line.gpin

**********************************
** time used in snf:  0 seconds **
**********************************
